Many modules are hidden in this stack. Use "module --show_hidden spider SOFTWARE" if you are not able to find the required software
Requirement already satisfied: numpy in ./venv/lib/python3.11/site-packages (from -r requirements.txt (line 1)) (2.4.6)
Requirement already satisfied: torch in ./venv/lib/python3.11/site-packages (from -r requirements.txt (line 2)) (2.12.0)
Requirement already satisfied: matplotlib in ./venv/lib/python3.11/site-packages (from -r requirements.txt (line 3)) (3.10.9)
Requirement already satisfied: pyyaml in ./venv/lib/python3.11/site-packages (from -r requirements.txt (line 4)) (6.0.3)
Requirement already satisfied: pytorch_msssim in ./venv/lib/python3.11/site-packages (from -r requirements.txt (line 5)) (1.0.0)
Requirement already satisfied: transformers in ./venv/lib/python3.11/site-packages (from -r requirements.txt (line 6)) (5.9.0)
Requirement already satisfied: timm in ./venv/lib/python3.11/site-packages (from -r requirements.txt (line 7)) (1.0.27)
Collecting optuna (from -r requirements.txt (line 8))
  Downloading optuna-4.9.0-py3-none-any.whl.metadata (15 kB)
Requirement already satisfied: filelock in ./venv/lib/python3.11/site-packages (from torch->-r requirements.txt (line 2)) (3.29.0)
Requirement already satisfied: typing-extensions>=4.10.0 in ./venv/lib/python3.11/site-packages (from torch->-r requirements.txt (line 2)) (4.15.0)
Requirement already satisfied: setuptools<82 in ./venv/lib/python3.11/site-packages (from torch->-r requirements.txt (line 2)) (81.0.0)
Requirement already satisfied: sympy>=1.13.3 in ./venv/lib/python3.11/site-packages (from torch->-r requirements.txt (line 2)) (1.14.0)
Requirement already satisfied: networkx>=2.5.1 in ./venv/lib/python3.11/site-packages (from torch->-r requirements.txt (line 2)) (3.6.1)
Requirement already satisfied: jinja2 in ./venv/lib/python3.11/site-packages (from torch->-r requirements.txt (line 2)) (3.1.6)
Requirement already satisfied: fsspec>=0.8.5 in ./venv/lib/python3.11/site-packages (from torch->-r requirements.txt (line 2)) (2026.4.0)
Requirement already satisfied: cuda-toolkit==13.0.2 in ./venv/lib/python3.11/site-packages (from cuda-toolkit[cudart,cufft,cufile,cupti,curand,cusolver,cusparse,nvjitlink,nvrtc,nvtx]==13.0.2; platform_system == "Linux"->torch->-r requirements.txt (line 2)) (13.0.2)
Requirement already satisfied: nvidia-cublas<=13.1.1.3,>=13.1.0.3 in ./venv/lib/python3.11/site-packages (from torch->-r requirements.txt (line 2)) (13.1.1.3)
Requirement already satisfied: cuda-bindings<14,>=13.0.3 in ./venv/lib/python3.11/site-packages (from torch->-r requirements.txt (line 2)) (13.2.0)
Requirement already satisfied: nvidia-cudnn-cu13==9.20.0.48 in ./venv/lib/python3.11/site-packages (from torch->-r requirements.txt (line 2)) (9.20.0.48)
Requirement already satisfied: nvidia-cusparselt-cu13==0.8.1 in ./venv/lib/python3.11/site-packages (from torch->-r requirements.txt (line 2)) (0.8.1)
Requirement already satisfied: nvidia-nccl-cu13==2.29.7 in ./venv/lib/python3.11/site-packages (from torch->-r requirements.txt (line 2)) (2.29.7)
Requirement already satisfied: nvidia-nvshmem-cu13==3.4.5 in ./venv/lib/python3.11/site-packages (from torch->-r requirements.txt (line 2)) (3.4.5)
Requirement already satisfied: triton==3.7.0 in ./venv/lib/python3.11/site-packages (from torch->-r requirements.txt (line 2)) (3.7.0)
Requirement already satisfied: nvidia-cuda-runtime==13.0.96.* in ./venv/lib/python3.11/site-packages (from cuda-toolkit[cudart,cufft,cufile,cupti,curand,cusolver,cusparse,nvjitlink,nvrtc,nvtx]==13.0.2; platform_system == "Linux"->torch->-r requirements.txt (line 2)) (13.0.96)
Requirement already satisfied: nvidia-cufft==12.0.0.61.* in ./venv/lib/python3.11/site-packages (from cuda-toolkit[cudart,cufft,cufile,cupti,curand,cusolver,cusparse,nvjitlink,nvrtc,nvtx]==13.0.2; platform_system == "Linux"->torch->-r requirements.txt (line 2)) (12.0.0.61)
Requirement already satisfied: nvidia-cufile==1.15.1.6.* in ./venv/lib/python3.11/site-packages (from cuda-toolkit[cudart,cufft,cufile,cupti,curand,cusolver,cusparse,nvjitlink,nvrtc,nvtx]==13.0.2; platform_system == "Linux"->torch->-r requirements.txt (line 2)) (1.15.1.6)
Requirement already satisfied: nvidia-cuda-cupti==13.0.85.* in ./venv/lib/python3.11/site-packages (from cuda-toolkit[cudart,cufft,cufile,cupti,curand,cusolver,cusparse,nvjitlink,nvrtc,nvtx]==13.0.2; platform_system == "Linux"->torch->-r requirements.txt (line 2)) (13.0.85)
Requirement already satisfied: nvidia-curand==10.4.0.35.* in ./venv/lib/python3.11/site-packages (from cuda-toolkit[cudart,cufft,cufile,cupti,curand,cusolver,cusparse,nvjitlink,nvrtc,nvtx]==13.0.2; platform_system == "Linux"->torch->-r requirements.txt (line 2)) (10.4.0.35)
Requirement already satisfied: nvidia-cusolver==12.0.4.66.* in ./venv/lib/python3.11/site-packages (from cuda-toolkit[cudart,cufft,cufile,cupti,curand,cusolver,cusparse,nvjitlink,nvrtc,nvtx]==13.0.2; platform_system == "Linux"->torch->-r requirements.txt (line 2)) (12.0.4.66)
Requirement already satisfied: nvidia-cusparse==12.6.3.3.* in ./venv/lib/python3.11/site-packages (from cuda-toolkit[cudart,cufft,cufile,cupti,curand,cusolver,cusparse,nvjitlink,nvrtc,nvtx]==13.0.2; platform_system == "Linux"->torch->-r requirements.txt (line 2)) (12.6.3.3)
Requirement already satisfied: nvidia-nvjitlink==13.0.88.* in ./venv/lib/python3.11/site-packages (from cuda-toolkit[cudart,cufft,cufile,cupti,curand,cusolver,cusparse,nvjitlink,nvrtc,nvtx]==13.0.2; platform_system == "Linux"->torch->-r requirements.txt (line 2)) (13.0.88)
Requirement already satisfied: nvidia-cuda-nvrtc==13.0.88.* in ./venv/lib/python3.11/site-packages (from cuda-toolkit[cudart,cufft,cufile,cupti,curand,cusolver,cusparse,nvjitlink,nvrtc,nvtx]==13.0.2; platform_system == "Linux"->torch->-r requirements.txt (line 2)) (13.0.88)
Requirement already satisfied: nvidia-nvtx==13.0.85.* in ./venv/lib/python3.11/site-packages (from cuda-toolkit[cudart,cufft,cufile,cupti,curand,cusolver,cusparse,nvjitlink,nvrtc,nvtx]==13.0.2; platform_system == "Linux"->torch->-r requirements.txt (line 2)) (13.0.85)
Requirement already satisfied: cuda-pathfinder~=1.1 in ./venv/lib/python3.11/site-packages (from cuda-bindings<14,>=13.0.3->torch->-r requirements.txt (line 2)) (1.5.4)
Requirement already satisfied: contourpy>=1.0.1 in ./venv/lib/python3.11/site-packages (from matplotlib->-r requirements.txt (line 3)) (1.3.3)
Requirement already satisfied: cycler>=0.10 in ./venv/lib/python3.11/site-packages (from matplotlib->-r requirements.txt (line 3)) (0.12.1)
Requirement already satisfied: fonttools>=4.22.0 in ./venv/lib/python3.11/site-packages (from matplotlib->-r requirements.txt (line 3)) (4.63.0)
Requirement already satisfied: kiwisolver>=1.3.1 in ./venv/lib/python3.11/site-packages (from matplotlib->-r requirements.txt (line 3)) (1.5.0)
Requirement already satisfied: packaging>=20.0 in ./venv/lib/python3.11/site-packages (from matplotlib->-r requirements.txt (line 3)) (26.2)
Requirement already satisfied: pillow>=8 in ./venv/lib/python3.11/site-packages (from matplotlib->-r requirements.txt (line 3)) (12.2.0)
Requirement already satisfied: pyparsing>=3 in ./venv/lib/python3.11/site-packages (from matplotlib->-r requirements.txt (line 3)) (3.3.2)
Requirement already satisfied: python-dateutil>=2.7 in ./venv/lib/python3.11/site-packages (from matplotlib->-r requirements.txt (line 3)) (2.9.0.post0)
Requirement already satisfied: huggingface-hub<2.0,>=1.5.0 in ./venv/lib/python3.11/site-packages (from transformers->-r requirements.txt (line 6)) (1.17.0)
Requirement already satisfied: regex>=2025.10.22 in ./venv/lib/python3.11/site-packages (from transformers->-r requirements.txt (line 6)) (2026.5.9)
Requirement already satisfied: tokenizers<=0.23.0,>=0.22.0 in ./venv/lib/python3.11/site-packages (from transformers->-r requirements.txt (line 6)) (0.22.2)
Requirement already satisfied: typer in ./venv/lib/python3.11/site-packages (from transformers->-r requirements.txt (line 6)) (0.25.1)
Requirement already satisfied: safetensors>=0.4.3 in ./venv/lib/python3.11/site-packages (from transformers->-r requirements.txt (line 6)) (0.7.0)
Requirement already satisfied: tqdm>=4.27 in ./venv/lib/python3.11/site-packages (from transformers->-r requirements.txt (line 6)) (4.67.3)
Requirement already satisfied: click>=8.4.0 in ./venv/lib/python3.11/site-packages (from huggingface-hub<2.0,>=1.5.0->transformers->-r requirements.txt (line 6)) (8.4.1)
Requirement already satisfied: hf-xet<2.0.0,>=1.4.3 in ./venv/lib/python3.11/site-packages (from huggingface-hub<2.0,>=1.5.0->transformers->-r requirements.txt (line 6)) (1.5.0)
Requirement already satisfied: httpx<1,>=0.23.0 in ./venv/lib/python3.11/site-packages (from huggingface-hub<2.0,>=1.5.0->transformers->-r requirements.txt (line 6)) (0.28.1)
Requirement already satisfied: anyio in ./venv/lib/python3.11/site-packages (from httpx<1,>=0.23.0->huggingface-hub<2.0,>=1.5.0->transformers->-r requirements.txt (line 6)) (4.13.0)
Requirement already satisfied: certifi in ./venv/lib/python3.11/site-packages (from httpx<1,>=0.23.0->huggingface-hub<2.0,>=1.5.0->transformers->-r requirements.txt (line 6)) (2026.5.20)
Requirement already satisfied: httpcore==1.* in ./venv/lib/python3.11/site-packages (from httpx<1,>=0.23.0->huggingface-hub<2.0,>=1.5.0->transformers->-r requirements.txt (line 6)) (1.0.9)
Requirement already satisfied: idna in ./venv/lib/python3.11/site-packages (from httpx<1,>=0.23.0->huggingface-hub<2.0,>=1.5.0->transformers->-r requirements.txt (line 6)) (3.17)
Requirement already satisfied: h11>=0.16 in ./venv/lib/python3.11/site-packages (from httpcore==1.*->httpx<1,>=0.23.0->huggingface-hub<2.0,>=1.5.0->transformers->-r requirements.txt (line 6)) (0.16.0)
Requirement already satisfied: shellingham>=1.3.0 in ./venv/lib/python3.11/site-packages (from typer->transformers->-r requirements.txt (line 6)) (1.5.4)
Requirement already satisfied: rich>=13.8.0 in ./venv/lib/python3.11/site-packages (from typer->transformers->-r requirements.txt (line 6)) (15.0.0)
Requirement already satisfied: annotated-doc>=0.0.2 in ./venv/lib/python3.11/site-packages (from typer->transformers->-r requirements.txt (line 6)) (0.0.4)
Requirement already satisfied: torchvision in ./venv/lib/python3.11/site-packages (from timm->-r requirements.txt (line 7)) (0.27.0)
Collecting alembic>=1.5.0 (from optuna->-r requirements.txt (line 8))
  Using cached alembic-1.18.4-py3-none-any.whl.metadata (7.2 kB)
Collecting colorlog (from optuna->-r requirements.txt (line 8))
  Using cached colorlog-6.10.1-py3-none-any.whl.metadata (11 kB)
Collecting sqlalchemy>=1.4.2 (from optuna->-r requirements.txt (line 8))
  Using cached sqlalchemy-2.0.50-cp311-cp311-manylinux2014_x86_64.manylinux_2_17_x86_64.manylinux_2_28_x86_64.whl.metadata (9.5 kB)
Collecting Mako (from alembic>=1.5.0->optuna->-r requirements.txt (line 8))
  Using cached mako-1.3.12-py3-none-any.whl.metadata (2.9 kB)
Requirement already satisfied: six>=1.5 in ./venv/lib/python3.11/site-packages (from python-dateutil>=2.7->matplotlib->-r requirements.txt (line 3)) (1.17.0)
Requirement already satisfied: markdown-it-py>=2.2.0 in ./venv/lib/python3.11/site-packages (from rich>=13.8.0->typer->transformers->-r requirements.txt (line 6)) (4.2.0)
Requirement already satisfied: pygments<3.0.0,>=2.13.0 in ./venv/lib/python3.11/site-packages (from rich>=13.8.0->typer->transformers->-r requirements.txt (line 6)) (2.20.0)
Requirement already satisfied: mdurl~=0.1 in ./venv/lib/python3.11/site-packages (from markdown-it-py>=2.2.0->rich>=13.8.0->typer->transformers->-r requirements.txt (line 6)) (0.1.2)
Collecting greenlet>=1 (from sqlalchemy>=1.4.2->optuna->-r requirements.txt (line 8))
  Using cached greenlet-3.5.1-cp311-cp311-manylinux_2_24_x86_64.manylinux_2_28_x86_64.whl.metadata (3.8 kB)
Requirement already satisfied: mpmath<1.4,>=1.1.0 in ./venv/lib/python3.11/site-packages (from sympy>=1.13.3->torch->-r requirements.txt (line 2)) (1.3.0)
Requirement already satisfied: MarkupSafe>=2.0 in ./venv/lib/python3.11/site-packages (from jinja2->torch->-r requirements.txt (line 2)) (3.0.3)
Downloading optuna-4.9.0-py3-none-any.whl (425 kB)
Downloading alembic-1.18.4-py3-none-any.whl (263 kB)
Downloading sqlalchemy-2.0.50-cp311-cp311-manylinux2014_x86_64.manylinux_2_17_x86_64.manylinux_2_28_x86_64.whl (3.3 MB)
   ━━━━━━━━━━━━━━━━━━━━━━━━━━━━━━━━━━━━━━━━ 3.3/3.3 MB 13.9 MB/s  0:00:00
Using cached greenlet-3.5.1-cp311-cp311-manylinux_2_24_x86_64.manylinux_2_28_x86_64.whl (614 kB)
Using cached colorlog-6.10.1-py3-none-any.whl (11 kB)
Using cached mako-1.3.12-py3-none-any.whl (78 kB)
Installing collected packages: Mako, greenlet, colorlog, sqlalchemy, alembic, optuna

Successfully installed Mako-1.3.12 alembic-1.18.4 colorlog-6.10.1 greenlet-3.5.1 optuna-4.9.0 sqlalchemy-2.0.50

[notice] A new release of pip is available: 26.1.1 -> 26.1.2
[notice] To update, run: pip install --upgrade pip
========================================
Final training — model 2 / 10
========================================

============================================================
  Model  2/10 — unet_deep_02
  Arch       : unet_deep
  Loss       : mse
  Epochs     : 150
  Optuna PSNR: 27.6781 dB
  Output     : /cluster/home/mriestere/space_data_3/results/final/model_02_unet_deep_02
============================================================

Device: cuda
Train: 18525  Val: 975

  [unet_deep_02]   1/150  train 0.005880  val_mse 0.006229  val_mae 0.064613  PSNR 22.06 dB
  [unet_deep_02]  10/150  train 0.002974  val_mse 0.002982  val_mae 0.043524  PSNR 25.25 dB
  [unet_deep_02]  20/150  train 0.002430  val_mse 0.002290  val_mae 0.037007  PSNR 26.40 dB
[2026-06-05T11:23:24.458+02:00] error: *** JOB 2201157 ON eu-g3-074 CANCELLED AT 2026-06-05T11:23:24 DUE to SIGNAL Terminated ***
