Device: cuda
Train: 16575  Val: 2925  Test (blind): 1000

============================================================
Experiment: unet_deep_nvidia_loss
============================================================
Parameters: 7,762,465
  [unet_deep_nvidia_loss]   1/60  train 0.065640  val 0.049477
  [unet_deep_nvidia_loss]  10/60  train 0.036330  val 0.036988
  [unet_deep_nvidia_loss]  20/60  train 0.030720  val 0.034362
  [unet_deep_nvidia_loss]  30/60  train 0.028743  val 0.035115
  [unet_deep_nvidia_loss]  40/60  train 0.027646  val 0.033366
  [unet_deep_nvidia_loss]  50/60  train 0.027048  val 0.033231
  [unet_deep_nvidia_loss]  60/60  train 0.026811  val 0.033145
  -> Val MSE: 0.002576  PSNR: 25.89 dB
  -> Saved test predictions: /cluster/home/mriestere/space_data_3/results/unet_deep_nvidia_loss/test_predictions.npy (1000 images)

============================================================
Experiment: resnet_16blocks_nvidia
============================================================
Parameters: 1,185,025
  [resnet_16blocks_nvidia]   1/60  train 0.094917  val 0.059899
  [resnet_16blocks_nvidia]  10/60  train 0.040617  val 0.042417
  [resnet_16blocks_nvidia]  20/60  train 0.038626  val 0.037449
  [resnet_16blocks_nvidia]  30/60  train 0.037118  val 0.036493
  [resnet_16blocks_nvidia]  40/60  train 0.036104  val 0.036563
  [resnet_16blocks_nvidia]  50/60  train 0.035483  val 0.035307
  [resnet_16blocks_nvidia]  60/60  train 0.035126  val 0.035206
  -> Val MSE: 0.003193  PSNR: 24.96 dB
  -> Saved test predictions: /cluster/home/mriestere/space_data_3/results/resnet_16blocks_nvidia/test_predictions.npy (1000 images)

============================================================
Experiment: resnet_16blocks_combined
============================================================
Parameters: 1,185,025
  [resnet_16blocks_combined]   1/60  train 0.034409  val 0.032733
  [resnet_16blocks_combined]  10/60  train 0.024352  val 0.025108
  [resnet_16blocks_combined]  20/60  train 0.022727  val 0.025967
  [resnet_16blocks_combined]  30/60  train 0.021773  val 0.021787
  [resnet_16blocks_combined]  40/60  train 0.021001  val 0.021156
  [resnet_16blocks_combined]  50/60  train 0.020072  val 0.020805
  [resnet_16blocks_combined]  60/60  train 0.019595  val 0.020922
  -> Val MSE: 0.002602  PSNR: 25.85 dB
  -> Saved test predictions: /cluster/home/mriestere/space_data_3/results/resnet_16blocks_combined/test_predictions.npy (1000 images)

============================================================
Experiment: u_net_attention_combined
============================================================
Parameters: 7,786,602
  [u_net_attention_combined]   1/60  train 0.028511  val 0.036573
  [u_net_attention_combined]  10/60  train 0.021617  val 0.023882
  [u_net_attention_combined]  20/60  train 0.016820  val 0.022530
  [u_net_attention_combined]  30/60  train 0.013293  val 0.022485
  [u_net_attention_combined]  40/60  train 0.011852  val 0.021886
  [u_net_attention_combined]  50/60  train 0.011132  val 0.021809
  [u_net_attention_combined]  60/60  train 0.010842  val 0.021863
  -> Val MSE: 0.002644  PSNR: 25.78 dB
  -> Saved test predictions: /cluster/home/mriestere/space_data_3/results/u_net_attention_combined/test_predictions.npy (1000 images)

============================================================
Experiment: u_net_attention_nvidia
============================================================
Parameters: 7,786,602
Traceback (most recent call last):
  File "/cluster/home/mriestere/space_data_3/src/main.py", line 354, in <module>
    main()
  File "/cluster/home/mriestere/space_data_3/src/main.py", line 309, in main
    history = fit(model, train_loader, val_loader, exp["training"], device, exp_dir, name)
              ^^^^^^^^^^^^^^^^^^^^^^^^^^^^^^^^^^^^^^^^^^^^^^^^^^^^^^^^^^^^^^^^^^^^^^^^^^^^
  File "/cluster/home/mriestere/space_data_3/src/trainer.py", line 97, in fit
    criterion = build_criterion(train_cfg)
                ^^^^^^^^^^^^^^^^^^^^^^^^^^
  File "/cluster/home/mriestere/space_data_3/src/trainer.py", line 56, in build_criterion
    raise ValueError(f"Unknown loss: {loss!r}")
ValueError: Unknown loss: 'nvidia'
